

================================================================
== Vivado HLS Report for 'myproject_axi'
================================================================
* Date:           Fri Dec 15 08:03:40 2023

* Version:        2019.2 (Build 2704478 on Wed Nov 06 22:10:23 MST 2019)
* Project:        myproject_prj
* Solution:       solution1
* Product family: zynq
* Target device:  xc7z020-clg400-1


================================================================
== Performance Estimates
================================================================
+ Timing: 
    * Summary: 
    +--------+----------+----------+------------+
    |  Clock |  Target  | Estimated| Uncertainty|
    +--------+----------+----------+------------+
    |ap_clk  | 10.00 ns | 8.670 ns |   1.25 ns  |
    +--------+----------+----------+------------+

+ Latency: 
    * Summary: 
    +---------+---------+----------+----------+-----+-----+---------+
    |  Latency (cycles) |  Latency (absolute) |  Interval | Pipeline|
    |   min   |   max   |    min   |    max   | min | max |   Type  |
    +---------+---------+----------+----------+-----+-----+---------+
    |      269|      272| 2.690 us | 2.720 us |  269|  272|   none  |
    +---------+---------+----------+----------+-----+-----+---------+

    + Detail: 
        * Instance: 
        +----------------------+-----------+---------+---------+----------+----------+-----+-----+----------+
        |                      |           |  Latency (cycles) |  Latency (absolute) |  Interval | Pipeline |
        |       Instance       |   Module  |   min   |   max   |    min   |    max   | min | max |   Type   |
        +----------------------+-----------+---------+---------+----------+----------+-----+-----+----------+
        |grp_myproject_fu_290  |myproject  |      118|      121| 1.180 us | 1.210 us |   32|   32| dataflow |
        +----------------------+-----------+---------+---------+----------+----------+-----+-----+----------+

        * Loop: 
        +----------+---------+---------+----------+-----------+-----------+------+----------+
        |          |  Latency (cycles) | Iteration|  Initiation Interval  | Trip |          |
        | Loop Name|   min   |   max   |  Latency |  achieved |   target  | Count| Pipelined|
        +----------+---------+---------+----------+-----------+-----------+------+----------+
        |- Loop 1  |      130|      130|         4|          1|          1|   128|    yes   |
        |- Loop 2  |       16|       16|         5|          1|          1|    13|    yes   |
        +----------+---------+---------+----------+-----------+-----------+------+----------+



================================================================
== Utilization Estimates
================================================================
* Summary: 
+-----------------+---------+-------+--------+-------+-----+
|       Name      | BRAM_18K| DSP48E|   FF   |  LUT  | URAM|
+-----------------+---------+-------+--------+-------+-----+
|DSP              |        -|      -|       -|      -|    -|
|Expression       |        -|      -|      40|  20366|    -|
|FIFO             |        -|      -|       -|      -|    -|
|Instance         |       19|     46|   19562|  44558|    -|
|Memory           |        -|      -|       -|      -|    -|
|Multiplexer      |        -|      -|       -|    128|    -|
|Register         |        0|      -|    3101|    192|    -|
+-----------------+---------+-------+--------+-------+-----+
|Total            |       19|     46|   22703|  65244|    0|
+-----------------+---------+-------+--------+-------+-----+
|Available        |      280|    220|  106400|  53200|    0|
+-----------------+---------+-------+--------+-------+-----+
|Utilization (%)  |        6|     20|      21|    122|    0|
+-----------------+---------+-------+--------+-------+-----+

+ Detail: 
    * Instance: 
    +--------------------------------------+---------------------------------+---------+-------+-------+-------+-----+
    |               Instance               |              Module             | BRAM_18K| DSP48E|   FF  |  LUT  | URAM|
    +--------------------------------------+---------------------------------+---------+-------+-------+-------+-----+
    |grp_myproject_fu_290                  |myproject                        |       19|     46|  19462|  44355|    0|
    |myproject_axi_fpext_32ns_64_2_1_U224  |myproject_axi_fpext_32ns_64_2_1  |        0|      0|    100|    138|    0|
    |myproject_axi_mux_134_16_1_1_U225     |myproject_axi_mux_134_16_1_1     |        0|      0|      0|     65|    0|
    +--------------------------------------+---------------------------------+---------+-------+-------+-------+-----+
    |Total                                 |                                 |       19|     46|  19562|  44558|    0|
    +--------------------------------------+---------------------------------+---------+-------+-------+-------+-----+

    * DSP48E: 
    N/A

    * Memory: 
    N/A

    * FIFO: 
    N/A

    * Expression: 
    +---------------------------------------+----------+-------+----+------+------------+------------+
    |             Variable Name             | Operation| DSP48E| FF |  LUT | Bitwidth P0| Bitwidth P1|
    +---------------------------------------+----------+-------+----+------+------------+------------+
    |add_ln581_fu_432_p2                    |     +    |      0|   0|    12|           5|          12|
    |add_ln949_fu_1018_p2                   |     +    |      0|   0|    23|           6|          16|
    |add_ln958_fu_1061_p2                   |     +    |      0|   0|    39|           6|          32|
    |add_ln964_fu_1142_p2                   |     +    |      0|   0|     8|           8|           8|
    |i_1_fu_792_p2                          |     +    |      0|   0|    13|           4|           1|
    |i_fu_329_p2                            |     +    |      0|   0|    15|           8|           1|
    |lsb_index_fu_944_p2                    |     +    |      0|   0|    39|           6|          32|
    |m_2_fu_1103_p2                         |     +    |      0|   0|    71|          64|          64|
    |F2_fu_420_p2                           |     -    |      0|   0|    12|          11|          12|
    |man_V_1_fu_400_p2                      |     -    |      0|   0|    61|           1|          54|
    |sub_ln581_fu_438_p2                    |     -    |      0|   0|    12|           4|          12|
    |sub_ln944_fu_934_p2                    |     -    |      0|   0|    39|           5|          32|
    |sub_ln947_fu_964_p2                    |     -    |      0|   0|    15|           4|           5|
    |sub_ln958_fu_1076_p2                   |     -    |      0|   0|    39|           5|          32|
    |sub_ln964_fu_1137_p2                   |     -    |      0|   0|     8|           3|           8|
    |tmp_V_fu_883_p2                        |     -    |      0|   0|    23|           1|          16|
    |a_fu_999_p2                            |    and   |      0|   0|     2|           1|           1|
    |and_ln203_1_fu_763_p2                  |    and   |      0|   0|  2048|        2048|        2048|
    |and_ln203_2_fu_769_p2                  |    and   |      0|   0|  2048|        2048|        2048|
    |and_ln203_fu_751_p2                    |    and   |      0|   0|  2048|        2048|        2048|
    |and_ln24_fu_913_p2                     |    and   |      0|   0|     2|           1|           1|
    |and_ln581_fu_545_p2                    |    and   |      0|   0|     2|           1|           1|
    |and_ln582_fu_530_p2                    |    and   |      0|   0|     2|           1|           1|
    |and_ln585_1_fu_562_p2                  |    and   |      0|   0|     2|           1|           1|
    |and_ln585_fu_556_p2                    |    and   |      0|   0|     2|           1|           1|
    |and_ln603_fu_579_p2                    |    and   |      0|   0|     2|           1|           1|
    |and_ln949_fu_1030_p2                   |    and   |      0|   0|     2|           1|           1|
    |ap_block_pp0_stage0_11001              |    and   |      0|   0|     2|           1|           1|
    |ap_block_state11_io                    |    and   |      0|   0|     2|           1|           1|
    |ap_block_state12_io                    |    and   |      0|   0|     2|           1|           1|
    |ap_block_state2_pp0_stage0_iter0       |    and   |      0|   0|     2|           1|           1|
    |p_Result_37_fu_988_p2                  |    and   |      0|   0|    16|          16|          16|
    |ashr_ln586_fu_492_p2                   |   ashr   |      0|   0|   162|          54|          54|
    |l_fu_926_p3                            |   cttz   |      0|  40|    36|          32|           0|
    |icmp_ln13_fu_323_p2                    |   icmp   |      0|   0|    13|           8|           9|
    |icmp_ln203_fu_650_p2                   |   icmp   |      0|   0|    13|          11|          11|
    |icmp_ln21_fu_786_p2                    |   icmp   |      0|   0|     9|           4|           3|
    |icmp_ln24_fu_907_p2                    |   icmp   |      0|   0|     9|           4|           4|
    |icmp_ln571_fu_414_p2                   |   icmp   |      0|   0|    29|          63|           1|
    |icmp_ln581_fu_426_p2                   |   icmp   |      0|   0|    13|          12|           4|
    |icmp_ln582_fu_452_p2                   |   icmp   |      0|   0|    13|          12|           4|
    |icmp_ln585_fu_478_p2                   |   icmp   |      0|   0|    13|          12|           6|
    |icmp_ln603_fu_483_p2                   |   icmp   |      0|   0|    11|           8|           1|
    |icmp_ln935_fu_869_p2                   |   icmp   |      0|   0|    13|          16|           1|
    |icmp_ln947_1_fu_993_p2                 |   icmp   |      0|   0|    13|          16|           1|
    |icmp_ln947_fu_974_p2                   |   icmp   |      0|   0|    18|          31|           1|
    |icmp_ln958_fu_1056_p2                  |   icmp   |      0|   0|    18|          32|           1|
    |lshr_ln203_fu_745_p2                   |   lshr   |      0|   0|  2171|           2|        2048|
    |lshr_ln947_fu_982_p2                   |   lshr   |      0|   0|    35|           2|          16|
    |lshr_ln958_fu_1066_p2                  |   lshr   |      0|   0|   101|          32|          32|
    |ap_block_pp1_stage0_11001              |    or    |      0|   0|     2|           1|           1|
    |ap_sync_grp_myproject_fu_290_ap_done   |    or    |      0|   0|     2|           1|           1|
    |ap_sync_grp_myproject_fu_290_ap_ready  |    or    |      0|   0|     2|           1|           1|
    |empty_32_fu_644_p2                     |    or    |      0|   0|    11|          11|           4|
    |in_local_V_1_fu_775_p2                 |    or    |      0|   0|  2048|        2048|        2048|
    |is_last_fu_348_p2                      |    or    |      0|   0|     2|           1|           1|
    |or_ln581_fu_568_p2                     |    or    |      0|   0|     2|           1|           1|
    |or_ln582_fu_535_p2                     |    or    |      0|   0|     2|           1|           1|
    |or_ln603_1_fu_606_p2                   |    or    |      0|   0|     2|           1|           1|
    |or_ln603_2_fu_620_p2                   |    or    |      0|   0|     2|           1|           1|
    |or_ln603_fu_593_p2                     |    or    |      0|   0|     2|           1|           1|
    |or_ln949_fu_1036_p2                    |    or    |      0|   0|     2|           1|           1|
    |m_1_fu_1091_p3                         |  select  |      0|   0|    64|           1|          64|
    |man_V_2_fu_406_p3                      |  select  |      0|   0|    54|           1|          54|
    |out_r_TDATA_int                        |  select  |      0|   0|    32|           1|           1|
    |select_ln203_1_fu_681_p3               |  select  |      0|   0|    12|           1|          12|
    |select_ln203_2_fu_689_p3               |  select  |      0|   0|    12|           1|          12|
    |select_ln203_3_fu_731_p3               |  select  |      0|   0|  2048|           1|        2048|
    |select_ln203_fu_673_p3                 |  select  |      0|   0|    12|           1|          12|
    |select_ln588_fu_512_p3                 |  select  |      0|   0|     2|           1|           2|
    |select_ln603_1_fu_599_p3               |  select  |      0|   0|    16|           1|          16|
    |select_ln603_2_fu_612_p3               |  select  |      0|   0|    16|           1|          16|
    |select_ln603_3_fu_626_p3               |  select  |      0|   0|    16|           1|          16|
    |select_ln603_fu_585_p3                 |  select  |      0|   0|    16|           1|          16|
    |select_ln964_fu_1130_p3                |  select  |      0|   0|     7|           1|           7|
    |sh_amt_fu_444_p3                       |  select  |      0|   0|    12|           1|          12|
    |tmp_V_4_fu_889_p3                      |  select  |      0|   0|    16|           1|          16|
    |shl_ln203_1_fu_739_p2                  |    shl   |      0|   0|  2171|           2|        2048|
    |shl_ln203_fu_715_p2                    |    shl   |      0|   0|  2171|        2048|        2048|
    |shl_ln604_fu_520_p2                    |    shl   |      0|   0|    35|          16|          16|
    |shl_ln958_fu_1085_p2                   |    shl   |      0|   0|   182|          64|          64|
    |ap_enable_pp0                          |    xor   |      0|   0|     2|           1|           2|
    |ap_enable_pp1                          |    xor   |      0|   0|     2|           1|           2|
    |ap_enable_reg_pp0_iter1                |    xor   |      0|   0|     2|           2|           1|
    |ap_enable_reg_pp1_iter1                |    xor   |      0|   0|     2|           2|           1|
    |xor_ln203_1_fu_697_p2                  |    xor   |      0|   0|    12|          12|          11|
    |xor_ln203_2_fu_757_p2                  |    xor   |      0|   0|  2048|           2|        2048|
    |xor_ln203_fu_667_p2                    |    xor   |      0|   0|    12|          12|          11|
    |xor_ln571_fu_525_p2                    |    xor   |      0|   0|     2|           1|           2|
    |xor_ln581_fu_573_p2                    |    xor   |      0|   0|     2|           1|           2|
    |xor_ln582_fu_539_p2                    |    xor   |      0|   0|     2|           1|           2|
    |xor_ln585_fu_550_p2                    |    xor   |      0|   0|     2|           1|           2|
    |xor_ln949_fu_1012_p2                   |    xor   |      0|   0|     2|           1|           2|
    +---------------------------------------+----------+-------+----+------+------------+------------+
    |Total                                  |          |      0|  40| 20366|       10915|       19334|
    +---------------------------------------+----------+-------+----+------+------------+------------+

    * Multiplexer: 
    +------------------------------------+----+-----------+-----+-----------+
    |                Name                | LUT| Input Size| Bits| Total Bits|
    +------------------------------------+----+-----------+-----+-----------+
    |ap_NS_fsm                           |  38|          7|    1|          7|
    |ap_enable_reg_pp0_iter1             |   9|          2|    1|          2|
    |ap_enable_reg_pp0_iter3             |   9|          2|    1|          2|
    |ap_enable_reg_pp1_iter1             |   9|          2|    1|          2|
    |ap_enable_reg_pp1_iter4             |   9|          2|    1|          2|
    |ap_phi_mux_is_last_0_phi_fu_260_p4  |   9|          2|    1|          2|
    |i2_0_reg_279                        |   9|          2|    4|          8|
    |i_0_reg_268                         |   9|          2|    8|         16|
    |in_r_TDATA_blk_n                    |   9|          2|    1|          2|
    |is_last_0_reg_256                   |   9|          2|    1|          2|
    |out_r_TDATA_blk_n                   |   9|          2|    1|          2|
    +------------------------------------+----+-----------+-----+-----------+
    |Total                               | 128|         27|   21|         47|
    +------------------------------------+----+-----------+-----+-----------+

    * Register: 
    +-------------------------------------------+------+----+------+-----------+
    |                    Name                   |  FF  | LUT| Bits | Const Bits|
    +-------------------------------------------+------+----+------+-----------+
    |and_ln24_reg_1371                          |     1|   0|     1|          0|
    |ap_CS_fsm                                  |     6|   0|     6|          0|
    |ap_enable_reg_pp0_iter0                    |     1|   0|     1|          0|
    |ap_enable_reg_pp0_iter1                    |     1|   0|     1|          0|
    |ap_enable_reg_pp0_iter2                    |     1|   0|     1|          0|
    |ap_enable_reg_pp0_iter3                    |     1|   0|     1|          0|
    |ap_enable_reg_pp1_iter0                    |     1|   0|     1|          0|
    |ap_enable_reg_pp1_iter1                    |     1|   0|     1|          0|
    |ap_enable_reg_pp1_iter2                    |     1|   0|     1|          0|
    |ap_enable_reg_pp1_iter3                    |     1|   0|     1|          0|
    |ap_enable_reg_pp1_iter4                    |     1|   0|     1|          0|
    |ap_sync_reg_grp_myproject_fu_290_ap_done   |     1|   0|     1|          0|
    |ap_sync_reg_grp_myproject_fu_290_ap_ready  |     1|   0|     1|          0|
    |grp_myproject_fu_290_ap_start_reg          |     1|   0|     1|          0|
    |i2_0_reg_279                               |     4|   0|     4|          0|
    |i_0_reg_268                                |     8|   0|     8|          0|
    |icmp_ln13_reg_1268                         |     1|   0|     1|          0|
    |icmp_ln21_reg_1339                         |     1|   0|     1|          0|
    |icmp_ln571_reg_1298                        |     1|   0|     1|          0|
    |icmp_ln581_reg_1304                        |     1|   0|     1|          0|
    |icmp_ln582_reg_1317                        |     1|   0|     1|          0|
    |icmp_ln935_reg_1348                        |     1|   0|     1|          0|
    |in_data_tmp_reg_1277                       |    32|   0|    32|          0|
    |in_data_tmp_reg_1277_pp0_iter1_reg         |    32|   0|    32|          0|
    |in_local_V_fu_182                          |  2048|   0|  2048|          0|
    |is_last_0_reg_256                          |     1|   0|     1|          0|
    |is_last_reg_1288                           |     1|   0|     1|          0|
    |lsb_index_reg_1387                         |    32|   0|    32|          0|
    |m_5_reg_1408                               |    63|   0|    63|          0|
    |man_V_2_reg_1293                           |    54|   0|    54|          0|
    |out_local_0_fu_186                         |    16|   0|    16|          0|
    |out_local_10_fu_226                        |    16|   0|    16|          0|
    |out_local_11_fu_230                        |    16|   0|    16|          0|
    |out_local_12_fu_234                        |    16|   0|    16|          0|
    |out_local_1_fu_190                         |    16|   0|    16|          0|
    |out_local_2_fu_194                         |    16|   0|    16|          0|
    |out_local_3_fu_198                         |    16|   0|    16|          0|
    |out_local_4_fu_202                         |    16|   0|    16|          0|
    |out_local_5_fu_206                         |    16|   0|    16|          0|
    |out_local_6_fu_210                         |    16|   0|    16|          0|
    |out_local_7_fu_214                         |    16|   0|    16|          0|
    |out_local_8_fu_218                         |    16|   0|    16|          0|
    |out_local_9_fu_222                         |    16|   0|    16|          0|
    |p_Result_41_reg_1353                       |     1|   0|     1|          0|
    |p_Result_s_reg_1366                        |    16|   0|    16|          0|
    |select_ln603_3_reg_1334                    |    16|   0|    16|          0|
    |sh_amt_reg_1310                            |    12|   0|    12|          0|
    |sub_ln944_reg_1376                         |    32|   0|    32|          0|
    |sub_ln947_reg_1398                         |     5|   0|     5|          0|
    |tmp_44_reg_1329                            |     8|   0|     8|          0|
    |tmp_48_reg_1393                            |    31|   0|    31|          0|
    |tmp_50_reg_1413                            |     1|   0|     1|          0|
    |tmp_V_4_reg_1358                           |    16|   0|    16|          0|
    |tmp_V_4_reg_1358_pp1_iter1_reg             |    16|   0|    16|          0|
    |trunc_ln203_reg_1283                       |     7|   0|     7|          0|
    |trunc_ln583_reg_1323                       |    16|   0|    16|          0|
    |trunc_ln943_reg_1403                       |     8|   0|     8|          0|
    |trunc_ln943_reg_1403_pp1_iter2_reg         |     8|   0|     8|          0|
    |trunc_ln944_reg_1382                       |    16|   0|    16|          0|
    |and_ln24_reg_1371                          |    64|  32|     1|          0|
    |icmp_ln13_reg_1268                         |    64|  32|     1|          0|
    |icmp_ln21_reg_1339                         |    64|  32|     1|          0|
    |icmp_ln935_reg_1348                        |    64|  32|     1|          0|
    |p_Result_41_reg_1353                       |    64|  32|     1|          0|
    |trunc_ln203_reg_1283                       |    64|  32|     7|          0|
    +-------------------------------------------+------+----+------+-----------+
    |Total                                      |  3101| 192|  2729|          0|
    +-------------------------------------------+------+----+------+-----------+



================================================================
== Interface
================================================================
* Summary: 
+--------------+-----+-----+--------------+---------------+--------------+
|   RTL Ports  | Dir | Bits|   Protocol   | Source Object |    C Type    |
+--------------+-----+-----+--------------+---------------+--------------+
|ap_clk        |  in |    1| ap_ctrl_none | myproject_axi | return value |
|ap_rst_n      |  in |    1| ap_ctrl_none | myproject_axi | return value |
|in_r_TDATA    |  in |   32|     axis     |    in_data    |    pointer   |
|in_r_TVALID   |  in |    1|     axis     |   in_last_V   |    pointer   |
|in_r_TREADY   | out |    1|     axis     |   in_last_V   |    pointer   |
|in_r_TLAST    |  in |    1|     axis     |   in_last_V   |    pointer   |
|out_r_TDATA   | out |   32|     axis     |    out_data   |    pointer   |
|out_r_TVALID  | out |    1|     axis     |   out_last_V  |    pointer   |
|out_r_TREADY  |  in |    1|     axis     |   out_last_V  |    pointer   |
|out_r_TLAST   | out |    1|     axis     |   out_last_V  |    pointer   |
+--------------+-----+-----+--------------+---------------+--------------+

